Archive member included because of file (symbol)

e:/cad/altera/13.0sp1/nios2eds/bin/gnu/h-i686-mingw32/bin/../lib/gcc/nios2-elf/4.1.2/mno-hw-mul\libgcc.a(lib2-mul.o)
                              obj/default/source.o (__mulsi3)
../qlab5_bsp/\libhal_bsp.a(alt_load.o)
                              ../qlab5_bsp//obj/HAL/src/crt0.o (alt_load)
../qlab5_bsp/\libhal_bsp.a(alt_main.o)
                              ../qlab5_bsp//obj/HAL/src/crt0.o (alt_main)
../qlab5_bsp/\libhal_bsp.a(alt_sys_init.o)
                              ../qlab5_bsp/\libhal_bsp.a(alt_main.o) (alt_irq_init)
../qlab5_bsp/\libhal_bsp.a(alt_close.o)
                              ../qlab5_bsp/\libhal_bsp.a(alt_main.o) (close)
../qlab5_bsp/\libhal_bsp.a(alt_dcache_flush_all.o)
                              ../qlab5_bsp/\libhal_bsp.a(alt_load.o) (alt_dcache_flush_all)
../qlab5_bsp/\libhal_bsp.a(alt_dev.o)
                              ../qlab5_bsp/\libhal_bsp.a(alt_close.o) (alt_fd_list)
../qlab5_bsp/\libhal_bsp.a(alt_do_ctors.o)
                              ../qlab5_bsp/\libhal_bsp.a(alt_main.o) (_do_ctors)
../qlab5_bsp/\libhal_bsp.a(alt_do_dtors.o)
                              ../qlab5_bsp/\libhal_bsp.a(alt_main.o) (_do_dtors)
../qlab5_bsp/\libhal_bsp.a(alt_errno.o)
                              ../qlab5_bsp/\libhal_bsp.a(alt_close.o) (alt_errno)
../qlab5_bsp/\libhal_bsp.a(alt_icache_flush_all.o)
                              ../qlab5_bsp/\libhal_bsp.a(alt_load.o) (alt_icache_flush_all)
../qlab5_bsp/\libhal_bsp.a(alt_release_fd.o)
                              ../qlab5_bsp/\libhal_bsp.a(alt_close.o) (alt_release_fd)
../qlab5_bsp/\libhal_bsp.a(altera_nios2_qsys_irq.o)
                              ../qlab5_bsp/\libhal_bsp.a(alt_sys_init.o) (altera_nios2_qsys_irq_init)
e:/cad/altera/13.0sp1/nios2eds/bin/gnu/h-i686-mingw32/bin/../lib/gcc/nios2-elf/4.1.2/../../../../nios2-elf/lib/mno-hw-mul\libc.a(lib_a-atexit.o)
                              ../qlab5_bsp/\libhal_bsp.a(alt_main.o) (atexit)
e:/cad/altera/13.0sp1/nios2eds/bin/gnu/h-i686-mingw32/bin/../lib/gcc/nios2-elf/4.1.2/../../../../nios2-elf/lib/mno-hw-mul\libc.a(lib_a-exit.o)
                              ../qlab5_bsp/\libhal_bsp.a(alt_main.o) (exit)
e:/cad/altera/13.0sp1/nios2eds/bin/gnu/h-i686-mingw32/bin/../lib/gcc/nios2-elf/4.1.2/../../../../nios2-elf/lib/mno-hw-mul\libc.a(lib_a-impure.o)
                              e:/cad/altera/13.0sp1/nios2eds/bin/gnu/h-i686-mingw32/bin/../lib/gcc/nios2-elf/4.1.2/../../../../nios2-elf/lib/mno-hw-mul\libc.a(lib_a-exit.o) (_global_impure_ptr)
e:/cad/altera/13.0sp1/nios2eds/bin/gnu/h-i686-mingw32/bin/../lib/gcc/nios2-elf/4.1.2/../../../../nios2-elf/lib/mno-hw-mul\libc.a(lib_a-int_errno.o)
                              ../qlab5_bsp/\libhal_bsp.a(alt_close.o) (errno)
e:/cad/altera/13.0sp1/nios2eds/bin/gnu/h-i686-mingw32/bin/../lib/gcc/nios2-elf/4.1.2/../../../../nios2-elf/lib/mno-hw-mul\libc.a(lib_a-__atexit.o)
                              e:/cad/altera/13.0sp1/nios2eds/bin/gnu/h-i686-mingw32/bin/../lib/gcc/nios2-elf/4.1.2/../../../../nios2-elf/lib/mno-hw-mul\libc.a(lib_a-atexit.o) (__register_exitproc)
e:/cad/altera/13.0sp1/nios2eds/bin/gnu/h-i686-mingw32/bin/../lib/gcc/nios2-elf/4.1.2/../../../../nios2-elf/lib/mno-hw-mul\libc.a(lib_a-__call_atexit.o)
                              e:/cad/altera/13.0sp1/nios2eds/bin/gnu/h-i686-mingw32/bin/../lib/gcc/nios2-elf/4.1.2/../../../../nios2-elf/lib/mno-hw-mul\libc.a(lib_a-exit.o) (__call_exitprocs)
../qlab5_bsp/\libhal_bsp.a(alt_exit.o)
                              e:/cad/altera/13.0sp1/nios2eds/bin/gnu/h-i686-mingw32/bin/../lib/gcc/nios2-elf/4.1.2/../../../../nios2-elf/lib/mno-hw-mul\libc.a(lib_a-exit.o) (_exit)

Allocating common symbols
Common symbol       size              file

errno               0x4               e:/cad/altera/13.0sp1/nios2eds/bin/gnu/h-i686-mingw32/bin/../lib/gcc/nios2-elf/4.1.2/../../../../nios2-elf/lib/mno-hw-mul\libc.a(lib_a-int_errno.o)
_atexit0            0x190             e:/cad/altera/13.0sp1/nios2eds/bin/gnu/h-i686-mingw32/bin/../lib/gcc/nios2-elf/4.1.2/../../../../nios2-elf/lib/mno-hw-mul\libc.a(lib_a-atexit.o)

Memory Configuration

Name             Origin             Length             Attributes
reset            0x00002000         0x00000020
onchip_memory2_0 0x00002020         0x00001fe0
*default*        0x00000000         0xffffffff

Linker script and memory map

LOAD ../qlab5_bsp//obj/HAL/src/crt0.o
LOAD obj/default/source.o
LOAD e:/cad/altera/13.0sp1/nios2eds/bin/gnu/h-i686-mingw32/bin/../lib/gcc/nios2-elf/4.1.2/../../../../nios2-elf/lib/mno-hw-mul\libstdc++.a
LOAD e:/cad/altera/13.0sp1/nios2eds/bin/gnu/h-i686-mingw32/bin/../lib/gcc/nios2-elf/4.1.2/../../../../nios2-elf/lib/mno-hw-mul\libm.a
LOAD e:/cad/altera/13.0sp1/nios2eds/bin/gnu/h-i686-mingw32/bin/../lib/gcc/nios2-elf/4.1.2/mno-hw-mul\libgcc.a
START GROUP
LOAD e:/cad/altera/13.0sp1/nios2eds/bin/gnu/h-i686-mingw32/bin/../lib/gcc/nios2-elf/4.1.2/../../../../nios2-elf/lib/mno-hw-mul\libc.a
LOAD e:/cad/altera/13.0sp1/nios2eds/bin/gnu/h-i686-mingw32/bin/../lib/gcc/nios2-elf/4.1.2/mno-hw-mul\libgcc.a
LOAD ../qlab5_bsp/\libhal_bsp.a
END GROUP
LOAD e:/cad/altera/13.0sp1/nios2eds/bin/gnu/h-i686-mingw32/bin/../lib/gcc/nios2-elf/4.1.2/mno-hw-mul\libgcc.a
                0x00002000                __alt_mem_onchip_memory2_0 = 0x2000

.entry          0x00002000       0x20
 *(.entry)
 .entry         0x00002000       0x20 ../qlab5_bsp//obj/HAL/src/crt0.o
                0x00002000                __reset

.exceptions     0x00002020        0x0
                0x00002020                PROVIDE (__ram_exceptions_start, ABSOLUTE (.))
                0x00002020                . = ALIGN (0x20)
 *(.irq)
 *(.exceptions.entry.label)
 *(.exceptions.entry.user)
 *(.exceptions.entry)
 *(.exceptions.irqtest.user)
 *(.exceptions.irqtest)
 *(.exceptions.irqhandler.user)
 *(.exceptions.irqhandler)
 *(.exceptions.irqreturn.user)
 *(.exceptions.irqreturn)
 *(.exceptions.notirq.label)
 *(.exceptions.notirq.user)
 *(.exceptions.notirq)
 *(.exceptions.soft.user)
 *(.exceptions.soft)
 *(.exceptions.unknown.user)
 *(.exceptions.unknown)
 *(.exceptions.exit.label)
 *(.exceptions.exit.user)
 *(.exceptions.exit)
 *(.exceptions)
                0x00002020                PROVIDE (__ram_exceptions_end, ABSOLUTE (.))
                0x00002020                PROVIDE (__flash_exceptions_start, LOADADDR (.exceptions))

.text           0x00002020      0x9dc
                0x00002020                PROVIDE (stext, ABSOLUTE (.))
 *(.interp)
 *(.hash)
 *(.dynsym)
 *(.dynstr)
 *(.gnu.version)
 *(.gnu.version_d)
 *(.gnu.version_r)
 *(.rel.init)
 *(.rela.init)
 *(.rel.text .rel.text.* .rel.gnu.linkonce.t.*)
 *(.rela.text .rela.text.* .rela.gnu.linkonce.t.*)
 *(.rel.fini)
 *(.rela.fini)
 *(.rel.rodata .rel.rodata.* .rel.gnu.linkonce.r.*)
 *(.rela.rodata .rela.rodata.* .rela.gnu.linkonce.r.*)
 *(.rel.data .rel.data.* .rel.gnu.linkonce.d.*)
 *(.rela.data .rela.data.* .rela.gnu.linkonce.d.*)
 *(.rel.tdata .rel.tdata.* .rel.gnu.linkonce.td.*)
 *(.rela.tdata .rela.tdata.* .rela.gnu.linkonce.td.*)
 *(.rel.tbss .rel.tbss.* .rel.gnu.linkonce.tb.*)
 *(.rela.tbss .rela.tbss.* .rela.gnu.linkonce.tb.*)
 *(.rel.ctors)
 *(.rela.ctors)
 *(.rel.dtors)
 *(.rela.dtors)
 *(.rel.got)
 *(.rela.got)
 *(.rel.sdata .rel.sdata.* .rel.gnu.linkonce.s.*)
 *(.rela.sdata .rela.sdata.* .rela.gnu.linkonce.s.*)
 *(.rel.sbss .rel.sbss.* .rel.gnu.linkonce.sb.*)
 *(.rela.sbss .rela.sbss.* .rela.gnu.linkonce.sb.*)
 *(.rel.sdata2 .rel.sdata2.* .rel.gnu.linkonce.s2.*)
 *(.rela.sdata2 .rela.sdata2.* .rela.gnu.linkonce.s2.*)
 *(.rel.sbss2 .rel.sbss2.* .rel.gnu.linkonce.sb2.*)
 *(.rela.sbss2 .rela.sbss2.* .rela.gnu.linkonce.sb2.*)
 *(.rel.bss .rel.bss.* .rel.gnu.linkonce.b.*)
 *(.rela.bss .rela.bss.* .rela.gnu.linkonce.b.*)
 *(.rel.plt)
 *(.rela.plt)
 *(.rel.dyn)
 *(.init)
 *(.plt)
 *(.text .stub .text.* .gnu.linkonce.t.*)
 .text          0x00002020       0x3c ../qlab5_bsp//obj/HAL/src/crt0.o
                0x00002020                _start
 .text          0x0000205c      0x120 obj/default/source.o
                0x0000205c                divide_cpu_clock()
                0x00002098                main
 .text          0x0000217c       0x38 e:/cad/altera/13.0sp1/nios2eds/bin/gnu/h-i686-mingw32/bin/../lib/gcc/nios2-elf/4.1.2/mno-hw-mul\libgcc.a(lib2-mul.o)
                0x0000217c                __mulsi3
 .text          0x000021b4       0xec ../qlab5_bsp/\libhal_bsp.a(alt_load.o)
                0x000021b4                alt_load
 .text          0x000022a0       0x50 ../qlab5_bsp/\libhal_bsp.a(alt_main.o)
                0x000022a0                alt_main
 .text          0x000022f0       0x50 ../qlab5_bsp/\libhal_bsp.a(alt_sys_init.o)
                0x000022f0                alt_irq_init
                0x00002324                alt_sys_init
 .text          0x00002340      0x160 ../qlab5_bsp/\libhal_bsp.a(alt_close.o)
                0x00002340                close
 .text          0x000024a0       0x1c ../qlab5_bsp/\libhal_bsp.a(alt_dcache_flush_all.o)
                0x000024a0                alt_dcache_flush_all
 .text          0x000024bc       0x2c ../qlab5_bsp/\libhal_bsp.a(alt_dev.o)
 .text          0x000024e8       0x64 ../qlab5_bsp/\libhal_bsp.a(alt_do_ctors.o)
                0x000024e8                _do_ctors
 .text          0x0000254c       0x64 ../qlab5_bsp/\libhal_bsp.a(alt_do_dtors.o)
                0x0000254c                _do_dtors
 .text          0x000025b0        0x0 ../qlab5_bsp/\libhal_bsp.a(alt_errno.o)
 .text          0x000025b0       0x1c ../qlab5_bsp/\libhal_bsp.a(alt_icache_flush_all.o)
                0x000025b0                alt_icache_flush_all
 .text          0x000025cc       0x78 ../qlab5_bsp/\libhal_bsp.a(alt_release_fd.o)
                0x000025cc                alt_release_fd
 .text          0x00002644       0x20 ../qlab5_bsp/\libhal_bsp.a(altera_nios2_qsys_irq.o)
                0x00002644                altera_nios2_qsys_irq_init
 .text          0x00002664       0x14 e:/cad/altera/13.0sp1/nios2eds/bin/gnu/h-i686-mingw32/bin/../lib/gcc/nios2-elf/4.1.2/../../../../nios2-elf/lib/mno-hw-mul\libc.a(lib_a-atexit.o)
                0x00002664                atexit
 .text          0x00002678       0x38 e:/cad/altera/13.0sp1/nios2eds/bin/gnu/h-i686-mingw32/bin/../lib/gcc/nios2-elf/4.1.2/../../../../nios2-elf/lib/mno-hw-mul\libc.a(lib_a-exit.o)
                0x00002678                exit
 .text          0x000026b0        0x0 e:/cad/altera/13.0sp1/nios2eds/bin/gnu/h-i686-mingw32/bin/../lib/gcc/nios2-elf/4.1.2/../../../../nios2-elf/lib/mno-hw-mul\libc.a(lib_a-impure.o)
 .text          0x000026b0        0x0 e:/cad/altera/13.0sp1/nios2eds/bin/gnu/h-i686-mingw32/bin/../lib/gcc/nios2-elf/4.1.2/../../../../nios2-elf/lib/mno-hw-mul\libc.a(lib_a-int_errno.o)
 .text          0x000026b0      0x134 e:/cad/altera/13.0sp1/nios2eds/bin/gnu/h-i686-mingw32/bin/../lib/gcc/nios2-elf/4.1.2/../../../../nios2-elf/lib/mno-hw-mul\libc.a(lib_a-__atexit.o)
                0x000026b0                __register_exitproc
 .text          0x000027e4      0x1b4 e:/cad/altera/13.0sp1/nios2eds/bin/gnu/h-i686-mingw32/bin/../lib/gcc/nios2-elf/4.1.2/../../../../nios2-elf/lib/mno-hw-mul\libc.a(lib_a-__call_atexit.o)
                0x000027e8                __call_exitprocs
 .text          0x00002998       0x60 ../qlab5_bsp/\libhal_bsp.a(alt_exit.o)
                0x000029d8                _exit
 *(.gnu.warning.*)
 *(.fini)
                0x000029f8                PROVIDE (__etext, ABSOLUTE (.))
                0x000029f8                PROVIDE (_etext, ABSOLUTE (.))
                0x000029f8                PROVIDE (etext, ABSOLUTE (.))
 *(.eh_frame_hdr)
                0x000029f8                . = ALIGN (0x4)
                0x000029f8                PROVIDE (__preinit_array_start, ABSOLUTE (.))
 *(.preinit_array)
                0x000029f8                PROVIDE (__preinit_array_end, ABSOLUTE (.))
                0x000029f8                PROVIDE (__init_array_start, ABSOLUTE (.))
 *(.init_array)
                0x000029f8                PROVIDE (__init_array_end, ABSOLUTE (.))
                0x000029f8                PROVIDE (__fini_array_start, ABSOLUTE (.))
 *(.fini_array)
                0x000029f8                PROVIDE (__fini_array_end, ABSOLUTE (.))
 *(.eh_frame)
 *(.gcc_except_table)
 *(.dynamic)
                0x000029f8                PROVIDE (__CTOR_LIST__, ABSOLUTE (.))
 *(.ctors)
 *(SORT(.ctors.*))
 .ctors.65535   0x000029f8        0x4 e:/cad/altera/13.0sp1/nios2eds/bin/gnu/h-i686-mingw32/bin/../lib/gcc/nios2-elf/4.1.2/../../../../nios2-elf/lib/mno-hw-mul\libc.a(lib_a-__call_atexit.o)
                0x000029fc                PROVIDE (__CTOR_END__, ABSOLUTE (.))
                0x000029fc                PROVIDE (__DTOR_LIST__, ABSOLUTE (.))
 *(.dtors)
 *(SORT(.dtors.*))
                0x000029fc                PROVIDE (__DTOR_END__, ABSOLUTE (.))
 *(.jcr)
                0x000029fc                . = ALIGN (0x4)

.rodata         0x000029fc       0x10
                0x000029fc                PROVIDE (__ram_rodata_start, ABSOLUTE (.))
                0x000029fc                . = ALIGN (0x4)
 *(.rodata .rodata.* .gnu.linkonce.r.*)
 .rodata        0x000029fc        0xc ../qlab5_bsp/\libhal_bsp.a(alt_dev.o)
 .rodata.str1.4
                0x00002a08        0x4 e:/cad/altera/13.0sp1/nios2eds/bin/gnu/h-i686-mingw32/bin/../lib/gcc/nios2-elf/4.1.2/../../../../nios2-elf/lib/mno-hw-mul\libc.a(lib_a-impure.o)
 *(.rodata1)
                0x00002a0c                . = ALIGN (0x4)
                0x00002a0c                PROVIDE (__ram_rodata_end, ABSOLUTE (.))
                0x000029fc                PROVIDE (__flash_rodata_start, LOADADDR (.rodata))

.rwdata         0x00002a0c      0x5c8 load address 0x00002fd4
                0x00002a0c                PROVIDE (__ram_rwdata_start, ABSOLUTE (.))
                0x00002a0c                . = ALIGN (0x4)
 *(.got.plt)
 *(.got)
 *(.data1)
 *(.data .data.* .gnu.linkonce.d.*)
 .data          0x00002a0c        0x0 ../qlab5_bsp//obj/HAL/src/crt0.o
 .data          0x00002a0c        0x0 obj/default/source.o
 .data          0x00002a0c        0x0 e:/cad/altera/13.0sp1/nios2eds/bin/gnu/h-i686-mingw32/bin/../lib/gcc/nios2-elf/4.1.2/mno-hw-mul\libgcc.a(lib2-mul.o)
 .data          0x00002a0c        0x0 ../qlab5_bsp/\libhal_bsp.a(alt_load.o)
 .data          0x00002a0c        0x0 ../qlab5_bsp/\libhal_bsp.a(alt_main.o)
 .data          0x00002a0c        0x0 ../qlab5_bsp/\libhal_bsp.a(alt_sys_init.o)
 .data          0x00002a0c        0x0 ../qlab5_bsp/\libhal_bsp.a(alt_close.o)
 .data          0x00002a0c        0x0 ../qlab5_bsp/\libhal_bsp.a(alt_dcache_flush_all.o)
 .data          0x00002a0c      0x1a8 ../qlab5_bsp/\libhal_bsp.a(alt_dev.o)
                0x00002a0c                alt_dev_null
                0x00002a34                alt_fd_list
 .data          0x00002bb4        0x0 ../qlab5_bsp/\libhal_bsp.a(alt_do_ctors.o)
 .data          0x00002bb4        0x0 ../qlab5_bsp/\libhal_bsp.a(alt_do_dtors.o)
 .data          0x00002bb4        0x0 ../qlab5_bsp/\libhal_bsp.a(alt_errno.o)
 .data          0x00002bb4        0x0 ../qlab5_bsp/\libhal_bsp.a(alt_icache_flush_all.o)
 .data          0x00002bb4        0x0 ../qlab5_bsp/\libhal_bsp.a(alt_release_fd.o)
 .data          0x00002bb4        0x0 ../qlab5_bsp/\libhal_bsp.a(altera_nios2_qsys_irq.o)
 .data          0x00002bb4        0x0 e:/cad/altera/13.0sp1/nios2eds/bin/gnu/h-i686-mingw32/bin/../lib/gcc/nios2-elf/4.1.2/../../../../nios2-elf/lib/mno-hw-mul\libc.a(lib_a-atexit.o)
 .data          0x00002bb4        0x0 e:/cad/altera/13.0sp1/nios2eds/bin/gnu/h-i686-mingw32/bin/../lib/gcc/nios2-elf/4.1.2/../../../../nios2-elf/lib/mno-hw-mul\libc.a(lib_a-exit.o)
 .data          0x00002bb4      0x400 e:/cad/altera/13.0sp1/nios2eds/bin/gnu/h-i686-mingw32/bin/../lib/gcc/nios2-elf/4.1.2/../../../../nios2-elf/lib/mno-hw-mul\libc.a(lib_a-impure.o)
 .data          0x00002fb4        0x0 e:/cad/altera/13.0sp1/nios2eds/bin/gnu/h-i686-mingw32/bin/../lib/gcc/nios2-elf/4.1.2/../../../../nios2-elf/lib/mno-hw-mul\libc.a(lib_a-int_errno.o)
 .data          0x00002fb4        0x0 e:/cad/altera/13.0sp1/nios2eds/bin/gnu/h-i686-mingw32/bin/../lib/gcc/nios2-elf/4.1.2/../../../../nios2-elf/lib/mno-hw-mul\libc.a(lib_a-__atexit.o)
 .data          0x00002fb4        0x0 e:/cad/altera/13.0sp1/nios2eds/bin/gnu/h-i686-mingw32/bin/../lib/gcc/nios2-elf/4.1.2/../../../../nios2-elf/lib/mno-hw-mul\libc.a(lib_a-__call_atexit.o)
 .data          0x00002fb4        0x0 ../qlab5_bsp/\libhal_bsp.a(alt_exit.o)
                0x0000afb4                _gp = ABSOLUTE ((. + 0x8000))
                0x0000afb4                PROVIDE (gp, _gp)
 *(.rwdata .rwdata.*)
 *(.sdata .sdata.* .gnu.linkonce.s.*)
 .sdata         0x00002fb4       0x14 ../qlab5_bsp/\libhal_bsp.a(alt_dev.o)
                0x00002fb4                alt_fs_list
                0x00002fbc                alt_dev_list
                0x00002fc4                alt_max_fd
 .sdata         0x00002fc8        0x4 ../qlab5_bsp/\libhal_bsp.a(alt_errno.o)
                0x00002fc8                alt_errno
 .sdata         0x00002fcc        0x8 e:/cad/altera/13.0sp1/nios2eds/bin/gnu/h-i686-mingw32/bin/../lib/gcc/nios2-elf/4.1.2/../../../../nios2-elf/lib/mno-hw-mul\libc.a(lib_a-impure.o)
                0x00002fcc                _impure_ptr
                0x00002fd0                _global_impure_ptr
 *(.sdata2 .sdata2.* .gnu.linkonce.s2.*)
                0x00002fd4                . = ALIGN (0x4)
                0x00002fd4                _edata = ABSOLUTE (.)
                0x00002fd4                PROVIDE (edata, ABSOLUTE (.))
                0x00002fd4                PROVIDE (__ram_rwdata_end, ABSOLUTE (.))
                0x00002fd4                PROVIDE (__flash_rwdata_start, LOADADDR (.rwdata))

.bss            0x0000359c      0x1a0
                0x0000359c                __bss_start = ABSOLUTE (.)
                0x0000359c                PROVIDE (__sbss_start, ABSOLUTE (.))
                0x0000359c                PROVIDE (___sbss_start, ABSOLUTE (.))
 *(.dynsbss)
 *(.sbss .sbss.* .gnu.linkonce.sb.*)
 .sbss          0x0000359c        0xc ../qlab5_bsp/\libhal_bsp.a(alt_main.o)
                0x0000359c                alt_argc
                0x000035a0                alt_argv
                0x000035a4                alt_envp
 .sbss          0x000035a8        0x4 e:/cad/altera/13.0sp1/nios2eds/bin/gnu/h-i686-mingw32/bin/../lib/gcc/nios2-elf/4.1.2/../../../../nios2-elf/lib/mno-hw-mul\libc.a(lib_a-int_errno.o)
                0x000035a8                errno
 *(.sbss2 .sbss2.* .gnu.linkonce.sb2.*)
 *(.scommon)
                0x000035ac                PROVIDE (__sbss_end, ABSOLUTE (.))
                0x000035ac                PROVIDE (___sbss_end, ABSOLUTE (.))
 *(.dynbss)
 *(.bss .bss.* .gnu.linkonce.b.*)
 .bss           0x000035ac        0x0 ../qlab5_bsp//obj/HAL/src/crt0.o
 .bss           0x000035ac        0x0 obj/default/source.o
 .bss           0x000035ac        0x0 e:/cad/altera/13.0sp1/nios2eds/bin/gnu/h-i686-mingw32/bin/../lib/gcc/nios2-elf/4.1.2/mno-hw-mul\libgcc.a(lib2-mul.o)
 .bss           0x000035ac        0x0 ../qlab5_bsp/\libhal_bsp.a(alt_load.o)
 .bss           0x000035ac        0x0 ../qlab5_bsp/\libhal_bsp.a(alt_main.o)
 .bss           0x000035ac        0x0 ../qlab5_bsp/\libhal_bsp.a(alt_sys_init.o)
 .bss           0x000035ac        0x0 ../qlab5_bsp/\libhal_bsp.a(alt_close.o)
 .bss           0x000035ac        0x0 ../qlab5_bsp/\libhal_bsp.a(alt_dcache_flush_all.o)
 .bss           0x000035ac        0x0 ../qlab5_bsp/\libhal_bsp.a(alt_dev.o)
 .bss           0x000035ac        0x0 ../qlab5_bsp/\libhal_bsp.a(alt_do_ctors.o)
 .bss           0x000035ac        0x0 ../qlab5_bsp/\libhal_bsp.a(alt_do_dtors.o)
 .bss           0x000035ac        0x0 ../qlab5_bsp/\libhal_bsp.a(alt_errno.o)
 .bss           0x000035ac        0x0 ../qlab5_bsp/\libhal_bsp.a(alt_icache_flush_all.o)
 .bss           0x000035ac        0x0 ../qlab5_bsp/\libhal_bsp.a(alt_release_fd.o)
 .bss           0x000035ac        0x0 ../qlab5_bsp/\libhal_bsp.a(altera_nios2_qsys_irq.o)
 .bss           0x000035ac        0x0 e:/cad/altera/13.0sp1/nios2eds/bin/gnu/h-i686-mingw32/bin/../lib/gcc/nios2-elf/4.1.2/../../../../nios2-elf/lib/mno-hw-mul\libc.a(lib_a-atexit.o)
 .bss           0x000035ac        0x0 e:/cad/altera/13.0sp1/nios2eds/bin/gnu/h-i686-mingw32/bin/../lib/gcc/nios2-elf/4.1.2/../../../../nios2-elf/lib/mno-hw-mul\libc.a(lib_a-exit.o)
 .bss           0x000035ac        0x0 e:/cad/altera/13.0sp1/nios2eds/bin/gnu/h-i686-mingw32/bin/../lib/gcc/nios2-elf/4.1.2/../../../../nios2-elf/lib/mno-hw-mul\libc.a(lib_a-impure.o)
 .bss           0x000035ac        0x0 e:/cad/altera/13.0sp1/nios2eds/bin/gnu/h-i686-mingw32/bin/../lib/gcc/nios2-elf/4.1.2/../../../../nios2-elf/lib/mno-hw-mul\libc.a(lib_a-int_errno.o)
 .bss           0x000035ac        0x0 e:/cad/altera/13.0sp1/nios2eds/bin/gnu/h-i686-mingw32/bin/../lib/gcc/nios2-elf/4.1.2/../../../../nios2-elf/lib/mno-hw-mul\libc.a(lib_a-__atexit.o)
 .bss           0x000035ac        0x0 e:/cad/altera/13.0sp1/nios2eds/bin/gnu/h-i686-mingw32/bin/../lib/gcc/nios2-elf/4.1.2/../../../../nios2-elf/lib/mno-hw-mul\libc.a(lib_a-__call_atexit.o)
 .bss           0x000035ac        0x0 ../qlab5_bsp/\libhal_bsp.a(alt_exit.o)
 *(COMMON)
 COMMON         0x000035ac      0x190 e:/cad/altera/13.0sp1/nios2eds/bin/gnu/h-i686-mingw32/bin/../lib/gcc/nios2-elf/4.1.2/../../../../nios2-elf/lib/mno-hw-mul\libc.a(lib_a-atexit.o)
                0x000035ac                _atexit0
                0x0000373c                . = ALIGN (0x4)
                0x0000373c                __bss_end = ABSOLUTE (.)

.onchip_memory2_0
                0x0000373c        0x0
                0x0000373c                PROVIDE (_alt_partition_onchip_memory2_0_start, ABSOLUTE (.))
 *(.onchip_memory2_0. onchip_memory2_0.*)
                0x0000373c                . = ALIGN (0x4)
                0x0000373c                PROVIDE (_alt_partition_onchip_memory2_0_end, ABSOLUTE (.))
                0x0000373c                _end = ABSOLUTE (.)
                0x0000373c                end = ABSOLUTE (.)
                0x0000373c                __alt_stack_base = ABSOLUTE (.)
                0x0000373c                PROVIDE (_alt_partition_onchip_memory2_0_load_addr, LOADADDR (.onchip_memory2_0))

.stab
 *(.stab)

.stabstr
 *(.stabstr)

.stab.excl
 *(.stab.excl)

.stab.exclstr
 *(.stab.exclstr)

.stab.index
 *(.stab.index)

.stab.indexstr
 *(.stab.indexstr)

.comment        0x00000000       0x26
 *(.comment)
 .comment       0x00000000       0x26 obj/default/source.o
                                 0x27 (size before relaxing)
 .comment       0x00000000       0x27 e:/cad/altera/13.0sp1/nios2eds/bin/gnu/h-i686-mingw32/bin/../lib/gcc/nios2-elf/4.1.2/mno-hw-mul\libgcc.a(lib2-mul.o)
 .comment       0x00000000       0x27 ../qlab5_bsp/\libhal_bsp.a(alt_load.o)
 .comment       0x00000000       0x27 ../qlab5_bsp/\libhal_bsp.a(alt_main.o)
 .comment       0x00000000       0x27 ../qlab5_bsp/\libhal_bsp.a(alt_sys_init.o)
 .comment       0x00000000       0x27 ../qlab5_bsp/\libhal_bsp.a(alt_close.o)
 .comment       0x00000000       0x27 ../qlab5_bsp/\libhal_bsp.a(alt_dcache_flush_all.o)
 .comment       0x00000000       0x27 ../qlab5_bsp/\libhal_bsp.a(alt_dev.o)
 .comment       0x00000000       0x27 ../qlab5_bsp/\libhal_bsp.a(alt_do_ctors.o)
 .comment       0x00000000       0x27 ../qlab5_bsp/\libhal_bsp.a(alt_do_dtors.o)
 .comment       0x00000000       0x27 ../qlab5_bsp/\libhal_bsp.a(alt_errno.o)
 .comment       0x00000000       0x27 ../qlab5_bsp/\libhal_bsp.a(alt_icache_flush_all.o)
 .comment       0x00000000       0x27 ../qlab5_bsp/\libhal_bsp.a(alt_release_fd.o)
 .comment       0x00000000       0x27 ../qlab5_bsp/\libhal_bsp.a(altera_nios2_qsys_irq.o)
 .comment       0x00000000       0x27 e:/cad/altera/13.0sp1/nios2eds/bin/gnu/h-i686-mingw32/bin/../lib/gcc/nios2-elf/4.1.2/../../../../nios2-elf/lib/mno-hw-mul\libc.a(lib_a-atexit.o)
 .comment       0x00000000       0x27 e:/cad/altera/13.0sp1/nios2eds/bin/gnu/h-i686-mingw32/bin/../lib/gcc/nios2-elf/4.1.2/../../../../nios2-elf/lib/mno-hw-mul\libc.a(lib_a-exit.o)
 .comment       0x00000000       0x27 e:/cad/altera/13.0sp1/nios2eds/bin/gnu/h-i686-mingw32/bin/../lib/gcc/nios2-elf/4.1.2/../../../../nios2-elf/lib/mno-hw-mul\libc.a(lib_a-impure.o)
 .comment       0x00000000       0x27 e:/cad/altera/13.0sp1/nios2eds/bin/gnu/h-i686-mingw32/bin/../lib/gcc/nios2-elf/4.1.2/../../../../nios2-elf/lib/mno-hw-mul\libc.a(lib_a-int_errno.o)
 .comment       0x00000000       0x27 e:/cad/altera/13.0sp1/nios2eds/bin/gnu/h-i686-mingw32/bin/../lib/gcc/nios2-elf/4.1.2/../../../../nios2-elf/lib/mno-hw-mul\libc.a(lib_a-__atexit.o)
 .comment       0x00000000       0x27 e:/cad/altera/13.0sp1/nios2eds/bin/gnu/h-i686-mingw32/bin/../lib/gcc/nios2-elf/4.1.2/../../../../nios2-elf/lib/mno-hw-mul\libc.a(lib_a-__call_atexit.o)
 .comment       0x00000000       0x27 ../qlab5_bsp/\libhal_bsp.a(alt_exit.o)

.debug
 *(.debug)

.line
 *(.line)

.debug_srcinfo
 *(.debug_srcinfo)

.debug_sfnames
 *(.debug_sfnames)

.debug_aranges  0x00000000      0x268
 *(.debug_aranges)
 .debug_aranges
                0x00000000       0x28 ../qlab5_bsp//obj/HAL/src/crt0.o
 .debug_aranges
                0x00000028       0x20 obj/default/source.o
 .debug_aranges
                0x00000048       0x20 e:/cad/altera/13.0sp1/nios2eds/bin/gnu/h-i686-mingw32/bin/../lib/gcc/nios2-elf/4.1.2/mno-hw-mul\libgcc.a(lib2-mul.o)
 .debug_aranges
                0x00000068       0x20 ../qlab5_bsp/\libhal_bsp.a(alt_load.o)
 .debug_aranges
                0x00000088       0x20 ../qlab5_bsp/\libhal_bsp.a(alt_main.o)
 .debug_aranges
                0x000000a8       0x20 ../qlab5_bsp/\libhal_bsp.a(alt_sys_init.o)
 .debug_aranges
                0x000000c8       0x20 ../qlab5_bsp/\libhal_bsp.a(alt_close.o)
 .debug_aranges
                0x000000e8       0x20 ../qlab5_bsp/\libhal_bsp.a(alt_dcache_flush_all.o)
 .debug_aranges
                0x00000108       0x20 ../qlab5_bsp/\libhal_bsp.a(alt_dev.o)
 .debug_aranges
                0x00000128       0x20 ../qlab5_bsp/\libhal_bsp.a(alt_do_ctors.o)
 .debug_aranges
                0x00000148       0x20 ../qlab5_bsp/\libhal_bsp.a(alt_do_dtors.o)
 .debug_aranges
                0x00000168       0x20 ../qlab5_bsp/\libhal_bsp.a(alt_icache_flush_all.o)
 .debug_aranges
                0x00000188       0x20 ../qlab5_bsp/\libhal_bsp.a(alt_release_fd.o)
 .debug_aranges
                0x000001a8       0x20 ../qlab5_bsp/\libhal_bsp.a(altera_nios2_qsys_irq.o)
 .debug_aranges
                0x000001c8       0x20 e:/cad/altera/13.0sp1/nios2eds/bin/gnu/h-i686-mingw32/bin/../lib/gcc/nios2-elf/4.1.2/../../../../nios2-elf/lib/mno-hw-mul\libc.a(lib_a-atexit.o)
 .debug_aranges
                0x000001e8       0x20 e:/cad/altera/13.0sp1/nios2eds/bin/gnu/h-i686-mingw32/bin/../lib/gcc/nios2-elf/4.1.2/../../../../nios2-elf/lib/mno-hw-mul\libc.a(lib_a-exit.o)
 .debug_aranges
                0x00000208       0x20 e:/cad/altera/13.0sp1/nios2eds/bin/gnu/h-i686-mingw32/bin/../lib/gcc/nios2-elf/4.1.2/../../../../nios2-elf/lib/mno-hw-mul\libc.a(lib_a-__atexit.o)
 .debug_aranges
                0x00000228       0x20 e:/cad/altera/13.0sp1/nios2eds/bin/gnu/h-i686-mingw32/bin/../lib/gcc/nios2-elf/4.1.2/../../../../nios2-elf/lib/mno-hw-mul\libc.a(lib_a-__call_atexit.o)
 .debug_aranges
                0x00000248       0x20 ../qlab5_bsp/\libhal_bsp.a(alt_exit.o)

.debug_pubnames
                0x00000000      0x37a
 *(.debug_pubnames)
 .debug_pubnames
                0x00000000       0x30 obj/default/source.o
 .debug_pubnames
                0x00000030       0x1f e:/cad/altera/13.0sp1/nios2eds/bin/gnu/h-i686-mingw32/bin/../lib/gcc/nios2-elf/4.1.2/mno-hw-mul\libgcc.a(lib2-mul.o)
 .debug_pubnames
                0x0000004f       0x1f ../qlab5_bsp/\libhal_bsp.a(alt_load.o)
 .debug_pubnames
                0x0000006e       0x46 ../qlab5_bsp/\libhal_bsp.a(alt_main.o)
 .debug_pubnames
                0x000000b4       0x34 ../qlab5_bsp/\libhal_bsp.a(alt_sys_init.o)
 .debug_pubnames
                0x000000e8       0x1c ../qlab5_bsp/\libhal_bsp.a(alt_close.o)
 .debug_pubnames
                0x00000104       0x2b ../qlab5_bsp/\libhal_bsp.a(alt_dcache_flush_all.o)
 .debug_pubnames
                0x0000012f       0x63 ../qlab5_bsp/\libhal_bsp.a(alt_dev.o)
 .debug_pubnames
                0x00000192       0x20 ../qlab5_bsp/\libhal_bsp.a(alt_do_ctors.o)
 .debug_pubnames
                0x000001b2       0x20 ../qlab5_bsp/\libhal_bsp.a(alt_do_dtors.o)
 .debug_pubnames
                0x000001d2       0x20 ../qlab5_bsp/\libhal_bsp.a(alt_errno.o)
 .debug_pubnames
                0x000001f2       0x2b ../qlab5_bsp/\libhal_bsp.a(alt_icache_flush_all.o)
 .debug_pubnames
                0x0000021d       0x25 ../qlab5_bsp/\libhal_bsp.a(alt_release_fd.o)
 .debug_pubnames
                0x00000242       0x31 ../qlab5_bsp/\libhal_bsp.a(altera_nios2_qsys_irq.o)
 .debug_pubnames
                0x00000273       0x2a e:/cad/altera/13.0sp1/nios2eds/bin/gnu/h-i686-mingw32/bin/../lib/gcc/nios2-elf/4.1.2/../../../../nios2-elf/lib/mno-hw-mul\libc.a(lib_a-atexit.o)
 .debug_pubnames
                0x0000029d       0x1b e:/cad/altera/13.0sp1/nios2eds/bin/gnu/h-i686-mingw32/bin/../lib/gcc/nios2-elf/4.1.2/../../../../nios2-elf/lib/mno-hw-mul\libc.a(lib_a-exit.o)
 .debug_pubnames
                0x000002b8       0x39 e:/cad/altera/13.0sp1/nios2eds/bin/gnu/h-i686-mingw32/bin/../lib/gcc/nios2-elf/4.1.2/../../../../nios2-elf/lib/mno-hw-mul\libc.a(lib_a-impure.o)
 .debug_pubnames
                0x000002f1       0x1c e:/cad/altera/13.0sp1/nios2eds/bin/gnu/h-i686-mingw32/bin/../lib/gcc/nios2-elf/4.1.2/../../../../nios2-elf/lib/mno-hw-mul\libc.a(lib_a-int_errno.o)
 .debug_pubnames
                0x0000030d       0x2a e:/cad/altera/13.0sp1/nios2eds/bin/gnu/h-i686-mingw32/bin/../lib/gcc/nios2-elf/4.1.2/../../../../nios2-elf/lib/mno-hw-mul\libc.a(lib_a-__atexit.o)
 .debug_pubnames
                0x00000337       0x27 e:/cad/altera/13.0sp1/nios2eds/bin/gnu/h-i686-mingw32/bin/../lib/gcc/nios2-elf/4.1.2/../../../../nios2-elf/lib/mno-hw-mul\libc.a(lib_a-__call_atexit.o)
 .debug_pubnames
                0x0000035e       0x1c ../qlab5_bsp/\libhal_bsp.a(alt_exit.o)

.debug_info     0x00000000     0x492d
 *(.debug_info .gnu.linkonce.wi.*)
 .debug_info    0x00000000       0x5f ../qlab5_bsp//obj/HAL/src/crt0.o
 .debug_info    0x0000005f      0x1bf obj/default/source.o
 .debug_info    0x0000021e       0xf3 e:/cad/altera/13.0sp1/nios2eds/bin/gnu/h-i686-mingw32/bin/../lib/gcc/nios2-elf/4.1.2/mno-hw-mul\libgcc.a(lib2-mul.o)
 .debug_info    0x00000311      0x271 ../qlab5_bsp/\libhal_bsp.a(alt_load.o)
 .debug_info    0x00000582      0x250 ../qlab5_bsp/\libhal_bsp.a(alt_main.o)
 .debug_info    0x000007d2      0x1d9 ../qlab5_bsp/\libhal_bsp.a(alt_sys_init.o)
 .debug_info    0x000009ab      0x44b ../qlab5_bsp/\libhal_bsp.a(alt_close.o)
 .debug_info    0x00000df6      0x140 ../qlab5_bsp/\libhal_bsp.a(alt_dcache_flush_all.o)
 .debug_info    0x00000f36      0x663 ../qlab5_bsp/\libhal_bsp.a(alt_dev.o)
 .debug_info    0x00001599       0xf3 ../qlab5_bsp/\libhal_bsp.a(alt_do_ctors.o)
 .debug_info    0x0000168c       0xf2 ../qlab5_bsp/\libhal_bsp.a(alt_do_dtors.o)
 .debug_info    0x0000177e      0x148 ../qlab5_bsp/\libhal_bsp.a(alt_errno.o)
 .debug_info    0x000018c6      0x140 ../qlab5_bsp/\libhal_bsp.a(alt_icache_flush_all.o)
 .debug_info    0x00001a06      0x3d6 ../qlab5_bsp/\libhal_bsp.a(alt_release_fd.o)
 .debug_info    0x00001ddc      0x18e ../qlab5_bsp/\libhal_bsp.a(altera_nios2_qsys_irq.o)
 .debug_info    0x00001f6a      0x181 e:/cad/altera/13.0sp1/nios2eds/bin/gnu/h-i686-mingw32/bin/../lib/gcc/nios2-elf/4.1.2/../../../../nios2-elf/lib/mno-hw-mul\libc.a(lib_a-atexit.o)
 .debug_info    0x000020eb      0x93f e:/cad/altera/13.0sp1/nios2eds/bin/gnu/h-i686-mingw32/bin/../lib/gcc/nios2-elf/4.1.2/../../../../nios2-elf/lib/mno-hw-mul\libc.a(lib_a-exit.o)
 .debug_info    0x00002a2a      0x93d e:/cad/altera/13.0sp1/nios2eds/bin/gnu/h-i686-mingw32/bin/../lib/gcc/nios2-elf/4.1.2/../../../../nios2-elf/lib/mno-hw-mul\libc.a(lib_a-impure.o)
 .debug_info    0x00003367       0x8c e:/cad/altera/13.0sp1/nios2eds/bin/gnu/h-i686-mingw32/bin/../lib/gcc/nios2-elf/4.1.2/../../../../nios2-elf/lib/mno-hw-mul\libc.a(lib_a-int_errno.o)
 .debug_info    0x000033f3      0x99c e:/cad/altera/13.0sp1/nios2eds/bin/gnu/h-i686-mingw32/bin/../lib/gcc/nios2-elf/4.1.2/../../../../nios2-elf/lib/mno-hw-mul\libc.a(lib_a-__atexit.o)
 .debug_info    0x00003d8f      0x9e2 e:/cad/altera/13.0sp1/nios2eds/bin/gnu/h-i686-mingw32/bin/../lib/gcc/nios2-elf/4.1.2/../../../../nios2-elf/lib/mno-hw-mul\libc.a(lib_a-__call_atexit.o)
 .debug_info    0x00004771      0x1bc ../qlab5_bsp/\libhal_bsp.a(alt_exit.o)

.debug_abbrev   0x00000000      0xf7c
 *(.debug_abbrev)
 .debug_abbrev  0x00000000       0x12 ../qlab5_bsp//obj/HAL/src/crt0.o
 .debug_abbrev  0x00000012       0x6a obj/default/source.o
 .debug_abbrev  0x0000007c       0x7b e:/cad/altera/13.0sp1/nios2eds/bin/gnu/h-i686-mingw32/bin/../lib/gcc/nios2-elf/4.1.2/mno-hw-mul\libgcc.a(lib2-mul.o)
 .debug_abbrev  0x000000f7       0x88 ../qlab5_bsp/\libhal_bsp.a(alt_load.o)
 .debug_abbrev  0x0000017f       0xbe ../qlab5_bsp/\libhal_bsp.a(alt_main.o)
 .debug_abbrev  0x0000023d       0xb4 ../qlab5_bsp/\libhal_bsp.a(alt_sys_init.o)
 .debug_abbrev  0x000002f1       0xfb ../qlab5_bsp/\libhal_bsp.a(alt_close.o)
 .debug_abbrev  0x000003ec       0x3f ../qlab5_bsp/\libhal_bsp.a(alt_dcache_flush_all.o)
 .debug_abbrev  0x0000042b       0xc7 ../qlab5_bsp/\libhal_bsp.a(alt_dev.o)
 .debug_abbrev  0x000004f2       0x76 ../qlab5_bsp/\libhal_bsp.a(alt_do_ctors.o)
 .debug_abbrev  0x00000568       0x76 ../qlab5_bsp/\libhal_bsp.a(alt_do_dtors.o)
 .debug_abbrev  0x000005de       0x5e ../qlab5_bsp/\libhal_bsp.a(alt_errno.o)
 .debug_abbrev  0x0000063c       0x3f ../qlab5_bsp/\libhal_bsp.a(alt_icache_flush_all.o)
 .debug_abbrev  0x0000067b       0xc1 ../qlab5_bsp/\libhal_bsp.a(alt_release_fd.o)
 .debug_abbrev  0x0000073c       0x64 ../qlab5_bsp/\libhal_bsp.a(altera_nios2_qsys_irq.o)
 .debug_abbrev  0x000007a0       0xb7 e:/cad/altera/13.0sp1/nios2eds/bin/gnu/h-i686-mingw32/bin/../lib/gcc/nios2-elf/4.1.2/../../../../nios2-elf/lib/mno-hw-mul\libc.a(lib_a-atexit.o)
 .debug_abbrev  0x00000857      0x16e e:/cad/altera/13.0sp1/nios2eds/bin/gnu/h-i686-mingw32/bin/../lib/gcc/nios2-elf/4.1.2/../../../../nios2-elf/lib/mno-hw-mul\libc.a(lib_a-exit.o)
 .debug_abbrev  0x000009c5      0x157 e:/cad/altera/13.0sp1/nios2eds/bin/gnu/h-i686-mingw32/bin/../lib/gcc/nios2-elf/4.1.2/../../../../nios2-elf/lib/mno-hw-mul\libc.a(lib_a-impure.o)
 .debug_abbrev  0x00000b1c       0x3b e:/cad/altera/13.0sp1/nios2eds/bin/gnu/h-i686-mingw32/bin/../lib/gcc/nios2-elf/4.1.2/../../../../nios2-elf/lib/mno-hw-mul\libc.a(lib_a-int_errno.o)
 .debug_abbrev  0x00000b57      0x1ae e:/cad/altera/13.0sp1/nios2eds/bin/gnu/h-i686-mingw32/bin/../lib/gcc/nios2-elf/4.1.2/../../../../nios2-elf/lib/mno-hw-mul\libc.a(lib_a-__atexit.o)
 .debug_abbrev  0x00000d05      0x1de e:/cad/altera/13.0sp1/nios2eds/bin/gnu/h-i686-mingw32/bin/../lib/gcc/nios2-elf/4.1.2/../../../../nios2-elf/lib/mno-hw-mul\libc.a(lib_a-__call_atexit.o)
 .debug_abbrev  0x00000ee3       0x99 ../qlab5_bsp/\libhal_bsp.a(alt_exit.o)

.debug_line     0x00000000     0x28cc
 *(.debug_line)
 .debug_line    0x00000000       0x66 ../qlab5_bsp//obj/HAL/src/crt0.o
 .debug_line    0x00000066      0x150 obj/default/source.o
 .debug_line    0x000001b6      0x11a e:/cad/altera/13.0sp1/nios2eds/bin/gnu/h-i686-mingw32/bin/../lib/gcc/nios2-elf/4.1.2/mno-hw-mul\libgcc.a(lib2-mul.o)
 .debug_line    0x000002d0      0x21f ../qlab5_bsp/\libhal_bsp.a(alt_load.o)
 .debug_line    0x000004ef      0x2de ../qlab5_bsp/\libhal_bsp.a(alt_main.o)
 .debug_line    0x000007cd      0x1fd ../qlab5_bsp/\libhal_bsp.a(alt_sys_init.o)
 .debug_line    0x000009ca      0x2a1 ../qlab5_bsp/\libhal_bsp.a(alt_close.o)
 .debug_line    0x00000c6b      0x1bd ../qlab5_bsp/\libhal_bsp.a(alt_dcache_flush_all.o)
 .debug_line    0x00000e28      0x25c ../qlab5_bsp/\libhal_bsp.a(alt_dev.o)
 .debug_line    0x00001084       0x83 ../qlab5_bsp/\libhal_bsp.a(alt_do_ctors.o)
 .debug_line    0x00001107       0x83 ../qlab5_bsp/\libhal_bsp.a(alt_do_dtors.o)
 .debug_line    0x0000118a      0x1b2 ../qlab5_bsp/\libhal_bsp.a(alt_errno.o)
 .debug_line    0x0000133c      0x1bd ../qlab5_bsp/\libhal_bsp.a(alt_icache_flush_all.o)
 .debug_line    0x000014f9       0xed ../qlab5_bsp/\libhal_bsp.a(alt_release_fd.o)
 .debug_line    0x000015e6      0x1ef ../qlab5_bsp/\libhal_bsp.a(altera_nios2_qsys_irq.o)
 .debug_line    0x000017d5      0x203 e:/cad/altera/13.0sp1/nios2eds/bin/gnu/h-i686-mingw32/bin/../lib/gcc/nios2-elf/4.1.2/../../../../nios2-elf/lib/mno-hw-mul\libc.a(lib_a-atexit.o)
 .debug_line    0x000019d8      0x23b e:/cad/altera/13.0sp1/nios2eds/bin/gnu/h-i686-mingw32/bin/../lib/gcc/nios2-elf/4.1.2/../../../../nios2-elf/lib/mno-hw-mul\libc.a(lib_a-exit.o)
 .debug_line    0x00001c13      0x230 e:/cad/altera/13.0sp1/nios2eds/bin/gnu/h-i686-mingw32/bin/../lib/gcc/nios2-elf/4.1.2/../../../../nios2-elf/lib/mno-hw-mul\libc.a(lib_a-impure.o)
 .debug_line    0x00001e43      0x1e2 e:/cad/altera/13.0sp1/nios2eds/bin/gnu/h-i686-mingw32/bin/../lib/gcc/nios2-elf/4.1.2/../../../../nios2-elf/lib/mno-hw-mul\libc.a(lib_a-int_errno.o)
 .debug_line    0x00002025      0x316 e:/cad/altera/13.0sp1/nios2eds/bin/gnu/h-i686-mingw32/bin/../lib/gcc/nios2-elf/4.1.2/../../../../nios2-elf/lib/mno-hw-mul\libc.a(lib_a-__atexit.o)
 .debug_line    0x0000233b      0x36a e:/cad/altera/13.0sp1/nios2eds/bin/gnu/h-i686-mingw32/bin/../lib/gcc/nios2-elf/4.1.2/../../../../nios2-elf/lib/mno-hw-mul\libc.a(lib_a-__call_atexit.o)
 .debug_line    0x000026a5      0x227 ../qlab5_bsp/\libhal_bsp.a(alt_exit.o)

.debug_frame    0x00000000      0x3b4
 *(.debug_frame)
 .debug_frame   0x00000000       0x48 obj/default/source.o
 .debug_frame   0x00000048       0x20 e:/cad/altera/13.0sp1/nios2eds/bin/gnu/h-i686-mingw32/bin/../lib/gcc/nios2-elf/4.1.2/mno-hw-mul\libgcc.a(lib2-mul.o)
 .debug_frame   0x00000068       0x48 ../qlab5_bsp/\libhal_bsp.a(alt_load.o)
 .debug_frame   0x000000b0       0x2c ../qlab5_bsp/\libhal_bsp.a(alt_main.o)
 .debug_frame   0x000000dc       0x48 ../qlab5_bsp/\libhal_bsp.a(alt_sys_init.o)
 .debug_frame   0x00000124       0x48 ../qlab5_bsp/\libhal_bsp.a(alt_close.o)
 .debug_frame   0x0000016c       0x2c ../qlab5_bsp/\libhal_bsp.a(alt_dcache_flush_all.o)
 .debug_frame   0x00000198       0x2c ../qlab5_bsp/\libhal_bsp.a(alt_dev.o)
 .debug_frame   0x000001c4       0x2c ../qlab5_bsp/\libhal_bsp.a(alt_do_ctors.o)
 .debug_frame   0x000001f0       0x2c ../qlab5_bsp/\libhal_bsp.a(alt_do_dtors.o)
 .debug_frame   0x0000021c       0x2c ../qlab5_bsp/\libhal_bsp.a(alt_icache_flush_all.o)
 .debug_frame   0x00000248       0x30 ../qlab5_bsp/\libhal_bsp.a(alt_release_fd.o)
 .debug_frame   0x00000278       0x2c ../qlab5_bsp/\libhal_bsp.a(altera_nios2_qsys_irq.o)
 .debug_frame   0x000002a4       0x20 e:/cad/altera/13.0sp1/nios2eds/bin/gnu/h-i686-mingw32/bin/../lib/gcc/nios2-elf/4.1.2/../../../../nios2-elf/lib/mno-hw-mul\libc.a(lib_a-atexit.o)
 .debug_frame   0x000002c4       0x28 e:/cad/altera/13.0sp1/nios2eds/bin/gnu/h-i686-mingw32/bin/../lib/gcc/nios2-elf/4.1.2/../../../../nios2-elf/lib/mno-hw-mul\libc.a(lib_a-exit.o)
 .debug_frame   0x000002ec       0x34 e:/cad/altera/13.0sp1/nios2eds/bin/gnu/h-i686-mingw32/bin/../lib/gcc/nios2-elf/4.1.2/../../../../nios2-elf/lib/mno-hw-mul\libc.a(lib_a-__atexit.o)
 .debug_frame   0x00000320       0x4c e:/cad/altera/13.0sp1/nios2eds/bin/gnu/h-i686-mingw32/bin/../lib/gcc/nios2-elf/4.1.2/../../../../nios2-elf/lib/mno-hw-mul\libc.a(lib_a-__call_atexit.o)
 .debug_frame   0x0000036c       0x48 ../qlab5_bsp/\libhal_bsp.a(alt_exit.o)

.debug_str      0x00000000      0x889
 *(.debug_str)
 .debug_str     0x00000000      0x128 e:/cad/altera/13.0sp1/nios2eds/bin/gnu/h-i686-mingw32/bin/../lib/gcc/nios2-elf/4.1.2/mno-hw-mul\libgcc.a(lib2-mul.o)
                                0x175 (size before relaxing)
 .debug_str     0x00000128       0x12 ../qlab5_bsp/\libhal_bsp.a(alt_load.o)
 .debug_str     0x0000013a       0x12 ../qlab5_bsp/\libhal_bsp.a(alt_main.o)
 .debug_str     0x0000014c       0x12 ../qlab5_bsp/\libhal_bsp.a(alt_sys_init.o)
 .debug_str     0x0000015e       0x12 ../qlab5_bsp/\libhal_bsp.a(alt_close.o)
 .debug_str     0x00000170       0x12 ../qlab5_bsp/\libhal_bsp.a(alt_dcache_flush_all.o)
 .debug_str     0x00000182       0x12 ../qlab5_bsp/\libhal_bsp.a(alt_dev.o)
 .debug_str     0x00000194       0x12 ../qlab5_bsp/\libhal_bsp.a(alt_errno.o)
 .debug_str     0x000001a6       0x12 ../qlab5_bsp/\libhal_bsp.a(alt_icache_flush_all.o)
 .debug_str     0x000001b8       0x12 ../qlab5_bsp/\libhal_bsp.a(altera_nios2_qsys_irq.o)
 .debug_str     0x000001ca      0x12b e:/cad/altera/13.0sp1/nios2eds/bin/gnu/h-i686-mingw32/bin/../lib/gcc/nios2-elf/4.1.2/../../../../nios2-elf/lib/mno-hw-mul\libc.a(lib_a-atexit.o)
                                0x1cd (size before relaxing)
 .debug_str     0x000002f5      0x387 e:/cad/altera/13.0sp1/nios2eds/bin/gnu/h-i686-mingw32/bin/../lib/gcc/nios2-elf/4.1.2/../../../../nios2-elf/lib/mno-hw-mul\libc.a(lib_a-exit.o)
                                0x51a (size before relaxing)
 .debug_str     0x0000067c       0xdf e:/cad/altera/13.0sp1/nios2eds/bin/gnu/h-i686-mingw32/bin/../lib/gcc/nios2-elf/4.1.2/../../../../nios2-elf/lib/mno-hw-mul\libc.a(lib_a-impure.o)
                                0x528 (size before relaxing)
 .debug_str     0x0000075b       0x40 e:/cad/altera/13.0sp1/nios2eds/bin/gnu/h-i686-mingw32/bin/../lib/gcc/nios2-elf/4.1.2/../../../../nios2-elf/lib/mno-hw-mul\libc.a(lib_a-int_errno.o)
                                0x171 (size before relaxing)
 .debug_str     0x0000079b       0x54 e:/cad/altera/13.0sp1/nios2eds/bin/gnu/h-i686-mingw32/bin/../lib/gcc/nios2-elf/4.1.2/../../../../nios2-elf/lib/mno-hw-mul\libc.a(lib_a-__atexit.o)
                                0x532 (size before relaxing)
 .debug_str     0x000007ef       0x7e e:/cad/altera/13.0sp1/nios2eds/bin/gnu/h-i686-mingw32/bin/../lib/gcc/nios2-elf/4.1.2/../../../../nios2-elf/lib/mno-hw-mul\libc.a(lib_a-__call_atexit.o)
                                0x55c (size before relaxing)
 .debug_str     0x0000086d       0x1c ../qlab5_bsp/\libhal_bsp.a(alt_exit.o)

.debug_loc      0x00000000      0x69b
 *(.debug_loc)
 .debug_loc     0x00000000       0x56 obj/default/source.o
 .debug_loc     0x00000056       0x4f e:/cad/altera/13.0sp1/nios2eds/bin/gnu/h-i686-mingw32/bin/../lib/gcc/nios2-elf/4.1.2/mno-hw-mul\libgcc.a(lib2-mul.o)
 .debug_loc     0x000000a5       0x56 ../qlab5_bsp/\libhal_bsp.a(alt_load.o)
 .debug_loc     0x000000fb       0x2b ../qlab5_bsp/\libhal_bsp.a(alt_main.o)
 .debug_loc     0x00000126       0x56 ../qlab5_bsp/\libhal_bsp.a(alt_sys_init.o)
 .debug_loc     0x0000017c       0x56 ../qlab5_bsp/\libhal_bsp.a(alt_close.o)
 .debug_loc     0x000001d2       0x2b ../qlab5_bsp/\libhal_bsp.a(alt_dcache_flush_all.o)
 .debug_loc     0x000001fd       0x2b ../qlab5_bsp/\libhal_bsp.a(alt_dev.o)
 .debug_loc     0x00000228       0x2b ../qlab5_bsp/\libhal_bsp.a(alt_do_ctors.o)
 .debug_loc     0x00000253       0x2b ../qlab5_bsp/\libhal_bsp.a(alt_do_dtors.o)
 .debug_loc     0x0000027e       0x2b ../qlab5_bsp/\libhal_bsp.a(alt_icache_flush_all.o)
 .debug_loc     0x000002a9       0x2b ../qlab5_bsp/\libhal_bsp.a(alt_release_fd.o)
 .debug_loc     0x000002d4       0x2b ../qlab5_bsp/\libhal_bsp.a(altera_nios2_qsys_irq.o)
 .debug_loc     0x000002ff       0x1e e:/cad/altera/13.0sp1/nios2eds/bin/gnu/h-i686-mingw32/bin/../lib/gcc/nios2-elf/4.1.2/../../../../nios2-elf/lib/mno-hw-mul\libc.a(lib_a-atexit.o)
 .debug_loc     0x0000031d       0x3d e:/cad/altera/13.0sp1/nios2eds/bin/gnu/h-i686-mingw32/bin/../lib/gcc/nios2-elf/4.1.2/../../../../nios2-elf/lib/mno-hw-mul\libc.a(lib_a-exit.o)
 .debug_loc     0x0000035a      0x120 e:/cad/altera/13.0sp1/nios2eds/bin/gnu/h-i686-mingw32/bin/../lib/gcc/nios2-elf/4.1.2/../../../../nios2-elf/lib/mno-hw-mul\libc.a(lib_a-__atexit.o)
 .debug_loc     0x0000047a      0x1cb e:/cad/altera/13.0sp1/nios2eds/bin/gnu/h-i686-mingw32/bin/../lib/gcc/nios2-elf/4.1.2/../../../../nios2-elf/lib/mno-hw-mul\libc.a(lib_a-__call_atexit.o)
 .debug_loc     0x00000645       0x56 ../qlab5_bsp/\libhal_bsp.a(alt_exit.o)

.debug_macinfo
 *(.debug_macinfo)

.debug_weaknames
 *(.debug_weaknames)

.debug_funcnames
 *(.debug_funcnames)

.debug_typenames
 *(.debug_typenames)

.debug_varnames
 *(.debug_varnames)

.debug_alt_sim_info
                0x00000000       0x10
 *(.debug_alt_sim_info)
 .debug_alt_sim_info
                0x00000000       0x10 ../qlab5_bsp//obj/HAL/src/crt0.o
                0x00004000                __alt_data_end = 0x4000
                0x00004000                PROVIDE (__alt_stack_pointer, __alt_data_end)
                0x0000373c                PROVIDE (__alt_stack_limit, __alt_stack_base)
                0x0000373c                PROVIDE (__alt_heap_start, end)
                0x00004000                PROVIDE (__alt_heap_limit, 0x4000)
OUTPUT(qlab5.elf elf32-littlenios2)

.debug_ranges   0x00000000       0x38
 .debug_ranges  0x00000000       0x20 ../qlab5_bsp//obj/HAL/src/crt0.o
 .debug_ranges  0x00000020       0x18 e:/cad/altera/13.0sp1/nios2eds/bin/gnu/h-i686-mingw32/bin/../lib/gcc/nios2-elf/4.1.2/../../../../nios2-elf/lib/mno-hw-mul\libc.a(lib_a-__call_atexit.o)
